<html>
  <head>
    <title>Moto G</title>
  </head>
  <body>
    <h1>Moto G - Motorala</h1>
    <p>A phone</p>
    <p>Â£120 (VAT inc.)</p>
    <p>Look at reviews from your friends bob</p>
    <button>Buy!</button>
  </body>
</html>